
C:\Users\Домашний\Documents\4 семестр\BSU-practice>git status
On branch master

No commits yet

Untracked files:
  (use "git add <file>..." to include in what will be committed)

        task1/

nothing added to commit but untracked files present (use "git add" to track)

C:\Users\Домашний\Documents\4 семестр\BSU-practice>


C:\Users\Домашний\Documents\4 семестр\BSU-practice>git add .gitignore
fatal: pathspec '.gitignore' did not match any files

C:\Users\Домашний\Documents\4 семестр\BSU-practice>git add .gitignore

C:\Users\Домашний\Documents\4 семестр\BSU-practice>git commit -m "add .gitignore
"
[master (root-commit) a502912] add .gitignore
 1 file changed, 7 insertions(+)
 create mode 100644 .gitignore

C:\Users\Домашний\Documents\4 семестр\BSU-practice>git status
On branch master
Untracked files:
  (use "git add <file>..." to include in what will be committed)

        task1/

nothing added to commit but untracked files present (use "git add" to track)

C:\Users\Домашний\Documents\4 семестр\BSU-practice>